1786790752.959455
1786790773.444402
1786790793.96875
1786790814.459777
1786790835.011248
1786790855.488442
1786790875.973802
1786790896.456711
1786790917.005862
1786790937.482072
1786790957.976797
1786790978.479676
1786790998.980648
1786791019.484702
1786791371.274869
1786812307.614777
1786833232.304463
1786854161.15173
1786875092.630788
1786896025.972332
1786916950.702255
1786937882.119314
1786942976.114512
1786944559.855129
1786945424.759718
1786966370.555749
1786979983.516143
1787001088.401536
1787011233.24296
1787011720.942741
1787016042.678823
1787016727.951652
1787037700.936103
1787038827.807285
1787039320.908545
1787040059.567811
1787061017.572019
1787082615.896775
1787103656.201561
1787130021.725485
