2026-08-15 00:57:24,879 INFO gateway.run: Starting Hermes Gateway...
2026-08-15 00:57:24,879 INFO gateway.run: Session storage: /home/runner/.hermes/sessions
2026-08-15 00:57:24,889 INFO gateway.run: Agent budget: max_iterations=500 (agent.max_turns from config.yaml, or HERMES_MAX_ITERATIONS from .env, or default 500)
2026-08-15 00:57:24,889 INFO gateway.run: Secret redaction: ENABLED (tool output, logs, and chat responses are scrubbed before delivery)
2026-08-15 00:57:24,911 WARNING gateway.run: No env user allowlists configured. Messaging platforms default to pairing/allowlist policies and will deny unknown senders unless you configure platform allowlists (e.g., TELEGRAM_ALLOWED_USERS=your_id) or explicitly opt in with GATEWAY_ALLOW_ALL_USERS=true plus dm_policy/group_policy: open on the platform.
2026-08-15 00:57:24,931 INFO gateway.run: Connecting to telegram...
2026-08-15 00:57:24,933 WARNING hermes_plugins.telegram_platform.adapter: [Telegram] Discovering Telegram API fallback IPs via DNS-over-HTTPS…
2026-08-15 00:57:25,203 INFO hermes_plugins.telegram_platform.adapter: [Telegram] Auto-discovered Telegram fallback IPs: 149.154.166.110
2026-08-15 00:57:25,203 INFO hermes_plugins.telegram_platform.adapter: [Telegram] Telegram fallback IPs active: 149.154.166.110
2026-08-15 00:57:25,215 WARNING hermes_plugins.telegram_platform.adapter: [Telegram] Connecting to Telegram (attempt 1/8)…
2026-08-15 00:57:36,396 INFO hermes_plugins.telegram_platform.adapter: [Telegram] Connected to Telegram (polling mode)
2026-08-15 00:57:36,703 INFO gateway.run: ✓ telegram connected
2026-08-15 00:57:36,743 INFO gateway.run: Gateway running with 1 platform(s)
2026-08-15 00:57:36,759 INFO gateway.run: Channel directory built: 0 target(s)
2026-08-15 00:57:37,373 INFO hermes_plugins.telegram_platform.adapter: [Telegram] set_my_commands OK for scope BotCommandScopeDefault (60 cmds)
2026-08-15 00:57:37,699 INFO hermes_plugins.telegram_platform.adapter: [Telegram] set_my_commands OK for scope BotCommandScopeAllPrivateChats (60 cmds)
2026-08-15 00:57:37,769 INFO gateway.run: Press Ctrl+C to stop
2026-08-15 00:57:37,785 INFO gateway.run: Gateway housekeeping started (interval=60s)
2026-08-15 00:57:37,786 INFO gateway.run: kanban dispatcher: holding singleton dispatcher lock (/home/runner/.hermes/kanban/.dispatcher.lock)
2026-08-15 00:57:38,024 INFO hermes_plugins.telegram_platform.adapter: [Telegram] set_my_commands OK for scope BotCommandScopeAllGroupChats (60 cmds)
2026-08-15 00:57:38,024 INFO hermes_plugins.telegram_platform.adapter: [Telegram] Telegram menu: 60 commands registered, 78 hidden (over 60 limit). Use /commands for full list.
2026-08-15 00:57:42,786 INFO gateway.run: kanban dispatcher: embedded in gateway (interval=60.0s)
2026-08-15 00:58:08,154 INFO hermes_plugins.telegram_platform.adapter: [Telegram] Flushing text batch agent:main:telegram:dm:6874843931:38328 (5 chars)
2026-08-15 00:58:08,156 WARNING gateway.run: Unauthorized user: 6874843931 (Azas Crack) on telegram
2026-08-15 00:58:53,202 WARNING hermes_plugins.telegram_platform.adapter: [Telegram] Telegram polling conflict (1/5) — previous session still held open on Telegram's servers. Waiting 20s for it to expire. Error: Conflict: terminated by other getUpdates request; make sure that only one bot instance is running
2026-08-15 00:59:14,785 INFO hermes_plugins.telegram_platform.adapter: [Telegram] Telegram polling restarted after conflict retry 1/5; health pending getUpdates progress
2026-08-15 01:00:37,494 INFO hermes_plugins.telegram_platform.adapter: [Telegram] Flushing text batch agent:main:telegram:dm:6874843931:38341 (40 chars)
2026-08-15 01:00:37,495 WARNING gateway.run: Unauthorized user: 6874843931 (Azas Crack) on telegram
